─── VerifyHeader ───────────────────────────────────────────────────────────────
                                                                    
# Verify Service TLS Setup and Configuration `anchor service verify`
─── VerifyHint ─────────────────────────────────────────────────────────────────
                                                                    
# Verify Service TLS Setup and Configuration `anchor service verify`
    | We'll check your running app to ensure TLS works as expected.
─── Client ─────────────────────────────────────────────────────────────────────
                                                                    
# Verify Service TLS Setup and Configuration `anchor service verify`
    | We'll check your running app to ensure TLS works as expected.
    * Checking authentication: probing credentials locally…⠋
─── Client ─────────────────────────────────────────────────────────────────────
                                                                    
# Verify Service TLS Setup and Configuration `anchor service verify`
    | We'll check your running app to ensure TLS works as expected.
    * Checking authentication: testing credentials remotely…⠋
─── Client ─────────────────────────────────────────────────────────────────────
                                                                    
# Verify Service TLS Setup and Configuration `anchor service verify`
    | We'll check your running app to ensure TLS works as expected.
─── Fetcher[github.com/anchordotdev/cli/api.Organization] ──────────────────────
                                                                    
# Verify Service TLS Setup and Configuration `anchor service verify`
    | We'll check your running app to ensure TLS works as expected.
    * Fetching organizations…⠋
─── Fetcher[github.com/anchordotdev/cli/api.Organization] ──────────────────────
                                                                    
# Verify Service TLS Setup and Configuration `anchor service verify`
    | We'll check your running app to ensure TLS works as expected.
    - Using ankydotdev, the only available organization. You can also use `--org ankydotdev`.
─── Fetcher[github.com/anchordotdev/cli/api.Service] ───────────────────────────
                                                                    
# Verify Service TLS Setup and Configuration `anchor service verify`
    | We'll check your running app to ensure TLS works as expected.
    - Using ankydotdev, the only available organization. You can also use `--org ankydotdev`.
    * Fetching services…⠋
─── Fetcher[github.com/anchordotdev/cli/api.Service] ───────────────────────────
                                                                    
# Verify Service TLS Setup and Configuration `anchor service verify`
    | We'll check your running app to ensure TLS works as expected.
    - Using ankydotdev, the only available organization. You can also use `--org ankydotdev`.
    - Using ankydotdev, the only available service. You can also use `--service ankydotdev`.
─── Fetcher[github.com/anchordotdev/cli/api.Realm] ─────────────────────────────
                                                                    
# Verify Service TLS Setup and Configuration `anchor service verify`
    | We'll check your running app to ensure TLS works as expected.
    - Using ankydotdev, the only available organization. You can also use `--org ankydotdev`.
    - Using ankydotdev, the only available service. You can also use `--service ankydotdev`.
    * Fetching realms…⠋
─── Fetcher[github.com/anchordotdev/cli/api.Realm] ─────────────────────────────
                                                                    
# Verify Service TLS Setup and Configuration `anchor service verify`
    | We'll check your running app to ensure TLS works as expected.
    - Using ankydotdev, the only available organization. You can also use `--org ankydotdev`.
    - Using ankydotdev, the only available service. You can also use `--service ankydotdev`.
    - Using localhost, the only available realm. You can also use `--realm localhost`.
─── Checker ────────────────────────────────────────────────────────────────────
                                                                    
# Verify Service TLS Setup and Configuration `anchor service verify`
    | We'll check your running app to ensure TLS works as expected.
    - Using ankydotdev, the only available organization. You can also use `--org ankydotdev`.
    - Using ankydotdev, the only available service. You can also use `--service ankydotdev`.
    - Using localhost, the only available realm. You can also use `--realm localhost`.
    * Checking DNS ankydotdev.lcl.host…⠋
─── Checker ────────────────────────────────────────────────────────────────────
                                                                    
# Verify Service TLS Setup and Configuration `anchor service verify`
    | We'll check your running app to ensure TLS works as expected.
    - Using ankydotdev, the only available organization. You can also use `--org ankydotdev`.
    - Using ankydotdev, the only available service. You can also use `--service ankydotdev`.
    - Using localhost, the only available realm. You can also use `--realm localhost`.
    - Checked DNS ankydotdev.lcl.host: success!
─── Checker ────────────────────────────────────────────────────────────────────
                                                                    
# Verify Service TLS Setup and Configuration `anchor service verify`
    | We'll check your running app to ensure TLS works as expected.
    - Using ankydotdev, the only available organization. You can also use `--org ankydotdev`.
    - Using ankydotdev, the only available service. You can also use `--service ankydotdev`.
    - Using localhost, the only available realm. You can also use `--realm localhost`.
    - Checked DNS ankydotdev.lcl.host: success!
    * Checking TCP [[::1]:<service-port>, 127.0.0.1:<service-port>]…⠋
─── Checker ────────────────────────────────────────────────────────────────────
                                                                    
# Verify Service TLS Setup and Configuration `anchor service verify`
    | We'll check your running app to ensure TLS works as expected.
    - Using ankydotdev, the only available organization. You can also use `--org ankydotdev`.
    - Using ankydotdev, the only available service. You can also use `--service ankydotdev`.
    - Using localhost, the only available realm. You can also use `--realm localhost`.
    - Checked DNS ankydotdev.lcl.host: success!
    - Checked TCP [[::1]:<service-port>, 127.0.0.1:<service-port>]: success!
─── Checker ────────────────────────────────────────────────────────────────────
                                                                    
# Verify Service TLS Setup and Configuration `anchor service verify`
    | We'll check your running app to ensure TLS works as expected.
    - Using ankydotdev, the only available organization. You can also use `--org ankydotdev`.
    - Using ankydotdev, the only available service. You can also use `--service ankydotdev`.
    - Using localhost, the only available realm. You can also use `--realm localhost`.
    - Checked DNS ankydotdev.lcl.host: success!
    - Checked TCP [[::1]:<service-port>, 127.0.0.1:<service-port>]: success!
    * Checking TLS ankydotdev.lcl.host…⠋
─── Checker ────────────────────────────────────────────────────────────────────
                                                                    
# Verify Service TLS Setup and Configuration `anchor service verify`
    | We'll check your running app to ensure TLS works as expected.
    - Using ankydotdev, the only available organization. You can also use `--org ankydotdev`.
    - Using ankydotdev, the only available service. You can also use `--service ankydotdev`.
    - Using localhost, the only available realm. You can also use `--realm localhost`.
    - Checked DNS ankydotdev.lcl.host: success!
    - Checked TCP [[::1]:<service-port>, 127.0.0.1:<service-port>]: success!
    - Checked TLS ankydotdev.lcl.host: success!
