Setup lcl.host Application

Usage:
  anchor lcl setup [flags]

Flags:
      --category string     Language or software type of the service.
      --cert-style string   Provisioning method for lcl.host certificates.
  -h, --help                help for setup
  -o, --org string          Organization for lcl.host application setup.
      --org-name string     Name for created org.
  -r, --realm string        Realm for lcl.host application setup.
  -s, --service string      Service for lcl.host application setup.

Global Flags:
      --api-token string   Anchor API personal access token (PAT).
      --config string      Service configuration file. (default "anchor.toml")
      --skip-config        Skip loading configuration file.
