─── Client ─────────────────────────────────────────────────────────────────────
    * Checking authentication: probing credentials locally…*
─── Client ─────────────────────────────────────────────────────────────────────
    * Checking authentication: testing credentials remotely…*
─── LclConfigHeader ────────────────────────────────────────────────────────────
# Configure System for lcl.host HTTPS Local Development `anchor lcl config`
─── LclConfigHint ──────────────────────────────────────────────────────────────
# Configure System for lcl.host HTTPS Local Development `anchor lcl config`
    | Before issuing HTTPS certificates for your local applications, we need to
    | configure your browsers and OS to trust your personal certificates.
    |
    | We'll start a local diagnostic web server to guide you through the process.
─── DomainInput ────────────────────────────────────────────────────────────────
# Configure System for lcl.host HTTPS Local Development `anchor lcl config`
    | Before issuing HTTPS certificates for your local applications, we need to
    | configure your browsers and OS to trust your personal certificates.
    |
    | We'll start a local diagnostic web server to guide you through the process.
    ? What lcl.host domain would you like to use for diagnostics?
    | We will ignore any characters that are not valid in a domain.
    ? hi-lcl_config.lcl.host
─── DomainInput ────────────────────────────────────────────────────────────────
# Configure System for lcl.host HTTPS Local Development `anchor lcl config`
    | Before issuing HTTPS certificates for your local applications, we need to
    | configure your browsers and OS to trust your personal certificates.
    |
    | We'll start a local diagnostic web server to guide you through the process.
    ? What lcl.host domain would you like to use for diagnostics?
    | We will ignore any characters that are not valid in a domain.
    ? h.lcl.host
─── DomainInput ────────────────────────────────────────────────────────────────
# Configure System for lcl.host HTTPS Local Development `anchor lcl config`
    | Before issuing HTTPS certificates for your local applications, we need to
    | configure your browsers and OS to trust your personal certificates.
    |
    | We'll start a local diagnostic web server to guide you through the process.
    ? What lcl.host domain would you like to use for diagnostics?
    | We will ignore any characters that are not valid in a domain.
    ? he.lcl.host
─── DomainInput ────────────────────────────────────────────────────────────────
# Configure System for lcl.host HTTPS Local Development `anchor lcl config`
    | Before issuing HTTPS certificates for your local applications, we need to
    | configure your browsers and OS to trust your personal certificates.
    |
    | We'll start a local diagnostic web server to guide you through the process.
    ? What lcl.host domain would you like to use for diagnostics?
    | We will ignore any characters that are not valid in a domain.
    ? hel.lcl.host
─── DomainInput ────────────────────────────────────────────────────────────────
# Configure System for lcl.host HTTPS Local Development `anchor lcl config`
    | Before issuing HTTPS certificates for your local applications, we need to
    | configure your browsers and OS to trust your personal certificates.
    |
    | We'll start a local diagnostic web server to guide you through the process.
    ? What lcl.host domain would you like to use for diagnostics?
    | We will ignore any characters that are not valid in a domain.
    ? hell.lcl.host
─── DomainInput ────────────────────────────────────────────────────────────────
# Configure System for lcl.host HTTPS Local Development `anchor lcl config`
    | Before issuing HTTPS certificates for your local applications, we need to
    | configure your browsers and OS to trust your personal certificates.
    |
    | We'll start a local diagnostic web server to guide you through the process.
    ? What lcl.host domain would you like to use for diagnostics?
    | We will ignore any characters that are not valid in a domain.
    ? hello.lcl.host
─── DomainInput ────────────────────────────────────────────────────────────────
# Configure System for lcl.host HTTPS Local Development `anchor lcl config`
    | Before issuing HTTPS certificates for your local applications, we need to
    | configure your browsers and OS to trust your personal certificates.
    |
    | We'll start a local diagnostic web server to guide you through the process.
    ? What lcl.host domain would you like to use for diagnostics?
    | We will ignore any characters that are not valid in a domain.
    ? hello-.lcl.host
─── DomainInput ────────────────────────────────────────────────────────────────
# Configure System for lcl.host HTTPS Local Development `anchor lcl config`
    | Before issuing HTTPS certificates for your local applications, we need to
    | configure your browsers and OS to trust your personal certificates.
    |
    | We'll start a local diagnostic web server to guide you through the process.
    ? What lcl.host domain would you like to use for diagnostics?
    | We will ignore any characters that are not valid in a domain.
    ? hello-w.lcl.host
─── DomainInput ────────────────────────────────────────────────────────────────
# Configure System for lcl.host HTTPS Local Development `anchor lcl config`
    | Before issuing HTTPS certificates for your local applications, we need to
    | configure your browsers and OS to trust your personal certificates.
    |
    | We'll start a local diagnostic web server to guide you through the process.
    ? What lcl.host domain would you like to use for diagnostics?
    | We will ignore any characters that are not valid in a domain.
    ? hello-wo.lcl.host
─── DomainInput ────────────────────────────────────────────────────────────────
# Configure System for lcl.host HTTPS Local Development `anchor lcl config`
    | Before issuing HTTPS certificates for your local applications, we need to
    | configure your browsers and OS to trust your personal certificates.
    |
    | We'll start a local diagnostic web server to guide you through the process.
    ? What lcl.host domain would you like to use for diagnostics?
    | We will ignore any characters that are not valid in a domain.
    ? hello-wor.lcl.host
─── DomainInput ────────────────────────────────────────────────────────────────
# Configure System for lcl.host HTTPS Local Development `anchor lcl config`
    | Before issuing HTTPS certificates for your local applications, we need to
    | configure your browsers and OS to trust your personal certificates.
    |
    | We'll start a local diagnostic web server to guide you through the process.
    ? What lcl.host domain would you like to use for diagnostics?
    | We will ignore any characters that are not valid in a domain.
    ? hello-worl.lcl.host
─── DomainInput ────────────────────────────────────────────────────────────────
# Configure System for lcl.host HTTPS Local Development `anchor lcl config`
    | Before issuing HTTPS certificates for your local applications, we need to
    | configure your browsers and OS to trust your personal certificates.
    |
    | We'll start a local diagnostic web server to guide you through the process.
    ? What lcl.host domain would you like to use for diagnostics?
    | We will ignore any characters that are not valid in a domain.
    ? hello-world.lcl.host
─── DomainInput ────────────────────────────────────────────────────────────────
# Configure System for lcl.host HTTPS Local Development `anchor lcl config`
    | Before issuing HTTPS certificates for your local applications, we need to
    | configure your browsers and OS to trust your personal certificates.
    |
    | We'll start a local diagnostic web server to guide you through the process.
    - Entered hello-world.lcl.host domain for lcl.host diagnostic certificate.
─── DomainResolver ─────────────────────────────────────────────────────────────
# Configure System for lcl.host HTTPS Local Development `anchor lcl config`
    | Before issuing HTTPS certificates for your local applications, we need to
    | configure your browsers and OS to trust your personal certificates.
    |
    | We'll start a local diagnostic web server to guide you through the process.
    - Entered hello-world.lcl.host domain for lcl.host diagnostic certificate.
    * Resolving hello-world.lcl.host domain…*
─── DomainResolver ─────────────────────────────────────────────────────────────
# Configure System for lcl.host HTTPS Local Development `anchor lcl config`
    | Before issuing HTTPS certificates for your local applications, we need to
    | configure your browsers and OS to trust your personal certificates.
    |
    | We'll start a local diagnostic web server to guide you through the process.
    - Entered hello-world.lcl.host domain for lcl.host diagnostic certificate.
    - Resolved hello-world.lcl.host domain: success!
─── ProvisionService ───────────────────────────────────────────────────────────
# Configure System for lcl.host HTTPS Local Development `anchor lcl config`
    | Before issuing HTTPS certificates for your local applications, we need to
    | configure your browsers and OS to trust your personal certificates.
    |
    | We'll start a local diagnostic web server to guide you through the process.
    - Entered hello-world.lcl.host domain for lcl.host diagnostic certificate.
    - Resolved hello-world.lcl.host domain: success!
    | Now we'll provision your application's resources on Anchor.dev and the HTTPS
    | certificates for your development environment.
    - Creating hello-world [hello-world.lcl.host, hello-world.localhost] diagnostic resources on Anchor.dev… *
─── ProvisionService ───────────────────────────────────────────────────────────
# Configure System for lcl.host HTTPS Local Development `anchor lcl config`
    | Before issuing HTTPS certificates for your local applications, we need to
    | configure your browsers and OS to trust your personal certificates.
    |
    | We'll start a local diagnostic web server to guide you through the process.
    - Entered hello-world.lcl.host domain for lcl.host diagnostic certificate.
    - Resolved hello-world.lcl.host domain: success!
    | Now we'll provision your application's resources on Anchor.dev and the HTTPS
    | certificates for your development environment.
    - Created hello-world [hello-world.lcl.host, hello-world.localhost] diagnostic resources on Anchor.dev.
─── LclConfig ──────────────────────────────────────────────────────────────────
# Configure System for lcl.host HTTPS Local Development `anchor lcl config`
    | Before issuing HTTPS certificates for your local applications, we need to
    | configure your browsers and OS to trust your personal certificates.
    |
    | We'll start a local diagnostic web server to guide you through the process.
    - Entered hello-world.lcl.host domain for lcl.host diagnostic certificate.
    - Resolved hello-world.lcl.host domain: success!
    | Now we'll provision your application's resources on Anchor.dev and the HTTPS
    | certificates for your development environment.
    - Created hello-world [hello-world.lcl.host, hello-world.localhost] diagnostic resources on Anchor.dev.
    ! Press Enter to open http://hello-world.lcl.host:4433 in your browser.
─── LclConfig ──────────────────────────────────────────────────────────────────
# Configure System for lcl.host HTTPS Local Development `anchor lcl config`
    | Before issuing HTTPS certificates for your local applications, we need to
    | configure your browsers and OS to trust your personal certificates.
    |
    | We'll start a local diagnostic web server to guide you through the process.
    - Entered hello-world.lcl.host domain for lcl.host diagnostic certificate.
    - Resolved hello-world.lcl.host domain: success!
    | Now we'll provision your application's resources on Anchor.dev and the HTTPS
    | certificates for your development environment.
    - Created hello-world [hello-world.lcl.host, hello-world.localhost] diagnostic resources on Anchor.dev.
    - Great, http://hello-world.lcl.host:4433 works as expected (without HTTPS).
    | Next, we'll add your personal CA certificates to your system's trust stores.
    | This may require sudo privileges, learn why here:  https://lcl.host/why-sudo
─── TrustPreflight ─────────────────────────────────────────────────────────────
# Configure System for lcl.host HTTPS Local Development `anchor lcl config`
    | Before issuing HTTPS certificates for your local applications, we need to
    | configure your browsers and OS to trust your personal certificates.
    |
    | We'll start a local diagnostic web server to guide you through the process.
    - Entered hello-world.lcl.host domain for lcl.host diagnostic certificate.
    - Resolved hello-world.lcl.host domain: success!
    | Now we'll provision your application's resources on Anchor.dev and the HTTPS
    | certificates for your development environment.
    - Created hello-world [hello-world.lcl.host, hello-world.localhost] diagnostic resources on Anchor.dev.
    - Great, http://hello-world.lcl.host:4433 works as expected (without HTTPS).
    | Next, we'll add your personal CA certificates to your system's trust stores.
    | This may require sudo privileges, learn why here:  https://lcl.host/why-sudo
    * Comparing local and expected CA certificates…*
─── TrustPreflight ─────────────────────────────────────────────────────────────
# Configure System for lcl.host HTTPS Local Development `anchor lcl config`
    | Before issuing HTTPS certificates for your local applications, we need to
    | configure your browsers and OS to trust your personal certificates.
    |
    | We'll start a local diagnostic web server to guide you through the process.
    - Entered hello-world.lcl.host domain for lcl.host diagnostic certificate.
    - Resolved hello-world.lcl.host domain: success!
    | Now we'll provision your application's resources on Anchor.dev and the HTTPS
    | certificates for your development environment.
    - Created hello-world [hello-world.lcl.host, hello-world.localhost] diagnostic resources on Anchor.dev.
    - Great, http://hello-world.lcl.host:4433 works as expected (without HTTPS).
    | Next, we'll add your personal CA certificates to your system's trust stores.
    | This may require sudo privileges, learn why here:  https://lcl.host/why-sudo
    - Compared local and expected CA certificates: need to install 2 missing certificates.
    ! Press Enter to install 2 missing certificates. (requires sudo)
─── TrustPreflight ─────────────────────────────────────────────────────────────
# Configure System for lcl.host HTTPS Local Development `anchor lcl config`
    | Before issuing HTTPS certificates for your local applications, we need to
    | configure your browsers and OS to trust your personal certificates.
    |
    | We'll start a local diagnostic web server to guide you through the process.
    - Entered hello-world.lcl.host domain for lcl.host diagnostic certificate.
    - Resolved hello-world.lcl.host domain: success!
    | Now we'll provision your application's resources on Anchor.dev and the HTTPS
    | certificates for your development environment.
    - Created hello-world [hello-world.lcl.host, hello-world.localhost] diagnostic resources on Anchor.dev.
    - Great, http://hello-world.lcl.host:4433 works as expected (without HTTPS).
    | Next, we'll add your personal CA certificates to your system's trust stores.
    | This may require sudo privileges, learn why here:  https://lcl.host/why-sudo
    - Compared local and expected CA certificates: need to install 2 missing certificates.
─── TrustUpdateStore ───────────────────────────────────────────────────────────
# Configure System for lcl.host HTTPS Local Development `anchor lcl config`
    | Before issuing HTTPS certificates for your local applications, we need to
    | configure your browsers and OS to trust your personal certificates.
    |
    | We'll start a local diagnostic web server to guide you through the process.
    - Entered hello-world.lcl.host domain for lcl.host diagnostic certificate.
    - Resolved hello-world.lcl.host domain: success!
    | Now we'll provision your application's resources on Anchor.dev and the HTTPS
    | certificates for your development environment.
    - Created hello-world [hello-world.lcl.host, hello-world.localhost] diagnostic resources on Anchor.dev.
    - Great, http://hello-world.lcl.host:4433 works as expected (without HTTPS).
    | Next, we'll add your personal CA certificates to your system's trust stores.
    | This may require sudo privileges, learn why here:  https://lcl.host/why-sudo
    - Compared local and expected CA certificates: need to install 2 missing certificates.
    * Updating Mock: installing lcl_config/localhost - AnchorCA ECDSA.
─── TrustUpdateStore ───────────────────────────────────────────────────────────
# Configure System for lcl.host HTTPS Local Development `anchor lcl config`
    | Before issuing HTTPS certificates for your local applications, we need to
    | configure your browsers and OS to trust your personal certificates.
    |
    | We'll start a local diagnostic web server to guide you through the process.
    - Entered hello-world.lcl.host domain for lcl.host diagnostic certificate.
    - Resolved hello-world.lcl.host domain: success!
    | Now we'll provision your application's resources on Anchor.dev and the HTTPS
    | certificates for your development environment.
    - Created hello-world [hello-world.lcl.host, hello-world.localhost] diagnostic resources on Anchor.dev.
    - Great, http://hello-world.lcl.host:4433 works as expected (without HTTPS).
    | Next, we'll add your personal CA certificates to your system's trust stores.
    | This may require sudo privileges, learn why here:  https://lcl.host/why-sudo
    - Compared local and expected CA certificates: need to install 2 missing certificates.
    - Updated Mock: installed lcl_config/localhost - AnchorCA [ECDSA]
─── TrustUpdateStore ───────────────────────────────────────────────────────────
# Configure System for lcl.host HTTPS Local Development `anchor lcl config`
    | Before issuing HTTPS certificates for your local applications, we need to
    | configure your browsers and OS to trust your personal certificates.
    |
    | We'll start a local diagnostic web server to guide you through the process.
    - Entered hello-world.lcl.host domain for lcl.host diagnostic certificate.
    - Resolved hello-world.lcl.host domain: success!
    | Now we'll provision your application's resources on Anchor.dev and the HTTPS
    | certificates for your development environment.
    - Created hello-world [hello-world.lcl.host, hello-world.localhost] diagnostic resources on Anchor.dev.
    - Great, http://hello-world.lcl.host:4433 works as expected (without HTTPS).
    | Next, we'll add your personal CA certificates to your system's trust stores.
    | This may require sudo privileges, learn why here:  https://lcl.host/why-sudo
    - Compared local and expected CA certificates: need to install 2 missing certificates.
    - Updated Mock: installed lcl_config/localhost - AnchorCA [ECDSA]
    * Updating Mock: installing lcl_config/localhost - AnchorCA RSA.
─── TrustUpdateStore ───────────────────────────────────────────────────────────
# Configure System for lcl.host HTTPS Local Development `anchor lcl config`
    | Before issuing HTTPS certificates for your local applications, we need to
    | configure your browsers and OS to trust your personal certificates.
    |
    | We'll start a local diagnostic web server to guide you through the process.
    - Entered hello-world.lcl.host domain for lcl.host diagnostic certificate.
    - Resolved hello-world.lcl.host domain: success!
    | Now we'll provision your application's resources on Anchor.dev and the HTTPS
    | certificates for your development environment.
    - Created hello-world [hello-world.lcl.host, hello-world.localhost] diagnostic resources on Anchor.dev.
    - Great, http://hello-world.lcl.host:4433 works as expected (without HTTPS).
    | Next, we'll add your personal CA certificates to your system's trust stores.
    | This may require sudo privileges, learn why here:  https://lcl.host/why-sudo
    - Compared local and expected CA certificates: need to install 2 missing certificates.
    - Updated Mock: installed lcl_config/localhost - AnchorCA [ECDSA, RSA]
─── LclConfig ──────────────────────────────────────────────────────────────────
# Configure System for lcl.host HTTPS Local Development `anchor lcl config`
    | Before issuing HTTPS certificates for your local applications, we need to
    | configure your browsers and OS to trust your personal certificates.
    |
    | We'll start a local diagnostic web server to guide you through the process.
    - Entered hello-world.lcl.host domain for lcl.host diagnostic certificate.
    - Resolved hello-world.lcl.host domain: success!
    | Now we'll provision your application's resources on Anchor.dev and the HTTPS
    | certificates for your development environment.
    - Created hello-world [hello-world.lcl.host, hello-world.localhost] diagnostic resources on Anchor.dev.
    - Great, http://hello-world.lcl.host:4433 works as expected (without HTTPS).
    | Next, we'll add your personal CA certificates to your system's trust stores.
    | This may require sudo privileges, learn why here:  https://lcl.host/why-sudo
    - Compared local and expected CA certificates: need to install 2 missing certificates.
    - Updated Mock: installed lcl_config/localhost - AnchorCA [ECDSA, RSA]
    | Before we move on, let's test your system configuration by trying out HTTPS.
    ! Press Enter to open https://hello-world.lcl.host:4433 in your browser.
─── LclConfig ──────────────────────────────────────────────────────────────────
# Configure System for lcl.host HTTPS Local Development `anchor lcl config`
    | Before issuing HTTPS certificates for your local applications, we need to
    | configure your browsers and OS to trust your personal certificates.
    |
    | We'll start a local diagnostic web server to guide you through the process.
    - Entered hello-world.lcl.host domain for lcl.host diagnostic certificate.
    - Resolved hello-world.lcl.host domain: success!
    | Now we'll provision your application's resources on Anchor.dev and the HTTPS
    | certificates for your development environment.
    - Created hello-world [hello-world.lcl.host, hello-world.localhost] diagnostic resources on Anchor.dev.
    - Great, http://hello-world.lcl.host:4433 works as expected (without HTTPS).
    | Next, we'll add your personal CA certificates to your system's trust stores.
    | This may require sudo privileges, learn why here:  https://lcl.host/why-sudo
    - Compared local and expected CA certificates: need to install 2 missing certificates.
    - Updated Mock: installed lcl_config/localhost - AnchorCA [ECDSA, RSA]
    | Before we move on, let's test your system configuration by trying out HTTPS.
    - Success! https://hello-world.lcl.host:4433 works as expected (encrypted with HTTPS).
