Print the details of the Anchor account for your local system user.

Usage:
  anchor auth whoami [flags]

Flags:
  -h, --help   help for whoami

Global Flags:
      --api-token string   Anchor API personal access token (PAT).
      --config string      Service configuration file. (default "anchor.toml")
      --skip-config        Skip loading configuration file.
