─── WhoAmIHeader ───────────────────────────────────────────────────────────────
                                                          
# Identify Current Anchor.dev Account `anchor auth whoami`
─── WhoAmIChecker ──────────────────────────────────────────────────────────────
                                                          
# Identify Current Anchor.dev Account `anchor auth whoami`
    * Identifying Anchor.dev account… ⠋
─── WhoAmIChecker ──────────────────────────────────────────────────────────────
                                                          
# Identify Current Anchor.dev Account `anchor auth whoami`
    - Identified Anchor.dev account: not signed in.
    | Run `anchor auth signin` to sign in.
