─── VersionHeader ──────────────────────────────────────────────────────────────
                                    
# Show Version Info `anchor version'
─── Version ────────────────────────────────────────────────────────────────────
                                    
# Show Version Info `anchor version'
dev (darwin/arm64) Commit: none BuildDate: unknown
