Manage lcl.host Local Development Environment

Usage:
  anchor lcl [flags]
  anchor lcl [command]

Available Commands:
  audit       Audit lcl.host HTTPS Local Development Environment
  bootstrap   Initial System Configuration for lcl.host Local Development
  clean       Clean lcl.host CA Certificates from the Local Trust Store(s)
  mkcert      Provision Certificate for lcl.host Local Development
  setup       Setup lcl.host Application
  trust       Install CA Certificates for lcl.host Local Development

Flags:
  -a, --addr string         Address for local diagnostic web server. (default ":4433")
      --category string     Language or software type of the service.
      --cert-style string   Provisioning method for lcl.host certificates.
      --domains strings     Domains to create certificate for.
  -h, --help                help for lcl
  -o, --org string          Organization for lcl.host local development environment management.
  -r, --realm string        Realm for lcl.host local development environment management.
  -s, --service string      Service for lcl.host local development environment management.
      --subca string        SubCA to create certificate for.

Global Flags:
      --api-token string   Anchor API personal access token (PAT).
      --config string      Service configuration file. (default "anchor.toml")
      --skip-config        Skip loading configuration file.

Use "anchor lcl [command] --help" for more information about a command.
