Sign out of your Anchor account for your local system user.

Remove your Personal Access Token (PAT) from the system keychain for your local
system user.

Usage:
  anchor auth signout [flags]

Flags:
  -h, --help   help for signout

Global Flags:
      --api-token string   Anchor API personal access token (PAT).
      --config string      Service configuration file. (default "anchor.toml")
      --skip-config        Skip loading configuration file.
