─── Client ─────────────────────────────────────────────────────────────────────
    * Checking authentication: probing credentials locally…⠋
─── Client ─────────────────────────────────────────────────────────────────────
    * Checking authentication: testing credentials remotely…⠋
─── TrustHeader ────────────────────────────────────────────────────────────────
                                                                        
# Manage CA Certificates in your Local Trust Store(s) `anchor lcl trust`
─── TrustHint ──────────────────────────────────────────────────────────────────
                                                                        
# Manage CA Certificates in your Local Trust Store(s) `anchor lcl trust`
    | We'll check your local trust stores and make any needed updates.
─── TrustStoreAudit ────────────────────────────────────────────────────────────
                                                                        
# Manage CA Certificates in your Local Trust Store(s) `anchor lcl trust`
    | We'll check your local trust stores and make any needed updates.
    * Comparing local and expected CA certificates…⠋
─── TrustStoreAudit ────────────────────────────────────────────────────────────
                                                                        
# Manage CA Certificates in your Local Trust Store(s) `anchor lcl trust`
    | We'll check your local trust stores and make any needed updates.
    - Compared local and expected CA certificates: need to install 2 missing certificates.
─── TrustUpdateConfirm ─────────────────────────────────────────────────────────
                                                                        
# Manage CA Certificates in your Local Trust Store(s) `anchor lcl trust`
    | We'll check your local trust stores and make any needed updates.
    - Compared local and expected CA certificates: need to install 2 missing certificates.
    | Updates may require sudo privileges, learn why here: https://lcl.host/why-sudo
    ! Press Enter to install missing certificates. (requires sudo)
─── TrustUpdateConfirm ─────────────────────────────────────────────────────────
                                                                        
# Manage CA Certificates in your Local Trust Store(s) `anchor lcl trust`
    | We'll check your local trust stores and make any needed updates.
    - Compared local and expected CA certificates: need to install 2 missing certificates.
─── TrustUpdateStore ───────────────────────────────────────────────────────────
                                                                        
# Manage CA Certificates in your Local Trust Store(s) `anchor lcl trust`
    | We'll check your local trust stores and make any needed updates.
    - Compared local and expected CA certificates: need to install 2 missing certificates.
    * [1/2] Updating Mock: installing oas-examples - AnchorCA ECDSA… ⠋
─── TrustUpdateStore ───────────────────────────────────────────────────────────
                                                                        
# Manage CA Certificates in your Local Trust Store(s) `anchor lcl trust`
    | We'll check your local trust stores and make any needed updates.
    - Compared local and expected CA certificates: need to install 2 missing certificates.
    - Updated Mock: installed oas-examples - AnchorCA [ECDSA]
─── TrustUpdateStore ───────────────────────────────────────────────────────────
                                                                        
# Manage CA Certificates in your Local Trust Store(s) `anchor lcl trust`
    | We'll check your local trust stores and make any needed updates.
    - Compared local and expected CA certificates: need to install 2 missing certificates.
    - Updated Mock: installed oas-examples - AnchorCA [ECDSA]
    * [2/2] Updating Mock: installing oas-examples - AnchorCA RSA… ⠋
─── TrustUpdateStore ───────────────────────────────────────────────────────────
                                                                        
# Manage CA Certificates in your Local Trust Store(s) `anchor lcl trust`
    | We'll check your local trust stores and make any needed updates.
    - Compared local and expected CA certificates: need to install 2 missing certificates.
    - Updated Mock: installed oas-examples - AnchorCA [ECDSA, RSA]
