Show version info

Usage:
  anchor version [flags]

Flags:
  -h, --help   help for version

Global Flags:
      --api-token string   Anchor API personal access token (PAT).
      --config string      Service configuration file. (default "anchor.toml")
      --skip-config        Skip loading configuration file.
