Provision Certificate for lcl.host Local Development

Usage:
  anchor lcl mkcert [flags]

Flags:
      --domains strings   Domains to create certificate for.
  -h, --help              help for mkcert
  -o, --org string        Organization to create certificate for.
  -r, --realm string      Realm to create certificate for.
  -s, --service string    Service to create certificate for.
