    * Checking authentication: probing credentials locally…*
────────────────────────────────────────────────────────────────────────────────
    * Checking authentication: testing credentials remotely…*
────────────────────────────────────────────────────────────────────────────────
# Audit lcl.host HTTPS Local Development Environment `anchor lcl audit`
────────────────────────────────────────────────────────────────────────────────
# Audit lcl.host HTTPS Local Development Environment `anchor lcl audit`
    | We'll begin by checking your system to determine what you need for your setup.
────────────────────────────────────────────────────────────────────────────────
# Audit lcl.host HTTPS Local Development Environment `anchor lcl audit`
    | We'll begin by checking your system to determine what you need for your setup.
    * Checking resources on Anchor.dev…*
────────────────────────────────────────────────────────────────────────────────
# Audit lcl.host HTTPS Local Development Environment `anchor lcl audit`
    | We'll begin by checking your system to determine what you need for your setup.
    - Checked resources on Anchor.dev: need to provision resources.
────────────────────────────────────────────────────────────────────────────────
# Audit lcl.host HTTPS Local Development Environment `anchor lcl audit`
    | We'll begin by checking your system to determine what you need for your setup.
    - Checked resources on Anchor.dev: need to provision resources.
    * Scanning local and expected CA certificates…*
────────────────────────────────────────────────────────────────────────────────
# Audit lcl.host HTTPS Local Development Environment `anchor lcl audit`
    | We'll begin by checking your system to determine what you need for your setup.
    - Checked resources on Anchor.dev: need to provision resources.
    - Scanned local and expected CA certificates: need to install 2 missing certificates.
────────────────────────────────────────────────────────────────────────────────
