─── Client ─────────────────────────────────────────────────────────────────────
    * Checking authentication: probing credentials locally…*
─── Client ─────────────────────────────────────────────────────────────────────
    * Checking authentication: testing credentials remotely…*
─── AuditHeader ────────────────────────────────────────────────────────────────
# Audit lcl.host HTTPS Local Development Environment `anchor lcl audit`
─── AuditHint ──────────────────────────────────────────────────────────────────
# Audit lcl.host HTTPS Local Development Environment `anchor lcl audit`
    | We'll begin by checking your system to determine what you need for your setup.
─── AuditResources ─────────────────────────────────────────────────────────────
# Audit lcl.host HTTPS Local Development Environment `anchor lcl audit`
    | We'll begin by checking your system to determine what you need for your setup.
    * Checking resources on Anchor.dev…*
─── AuditResources ─────────────────────────────────────────────────────────────
# Audit lcl.host HTTPS Local Development Environment `anchor lcl audit`
    | We'll begin by checking your system to determine what you need for your setup.
    - Checked resources on Anchor.dev: need to provision resources.
─── AuditTrust ─────────────────────────────────────────────────────────────────
# Audit lcl.host HTTPS Local Development Environment `anchor lcl audit`
    | We'll begin by checking your system to determine what you need for your setup.
    - Checked resources on Anchor.dev: need to provision resources.
    * Scanning local and expected CA certificates…*
─── AuditTrust ─────────────────────────────────────────────────────────────────
# Audit lcl.host HTTPS Local Development Environment `anchor lcl audit`
    | We'll begin by checking your system to determine what you need for your setup.
    - Checked resources on Anchor.dev: need to provision resources.
    - Scanned local and expected CA certificates: need to install 2 missing certificates.
