─── Client ─────────────────────────────────────────────────────────────────────
    * Checking authentication: probing credentials locally…⠋
─── Client ─────────────────────────────────────────────────────────────────────
    * Checking authentication: testing credentials remotely…⠋
─── AuditHeader ────────────────────────────────────────────────────────────────
                                                                       
# Audit lcl.host HTTPS Local Development Environment `anchor lcl audit`
─── AuditHint ──────────────────────────────────────────────────────────────────
                                                                       
# Audit lcl.host HTTPS Local Development Environment `anchor lcl audit`
    | We'll compare your local development CA certificates from Anchor and your local trust stores.
─── TrustStoreAudit ────────────────────────────────────────────────────────────
                                                                       
# Audit lcl.host HTTPS Local Development Environment `anchor lcl audit`
    | We'll compare your local development CA certificates from Anchor and your local trust stores.
    * Comparing local and expected CA certificates…⠋
─── TrustStoreAudit ────────────────────────────────────────────────────────────
                                                                       
# Audit lcl.host HTTPS Local Development Environment `anchor lcl audit`
    | We'll compare your local development CA certificates from Anchor and your local trust stores.
    - Compared local and expected CA certificates: need to install 2 missing certificates.
