─── VerifyHeader ───────────────────────────────────────────────────────────────
                                                                    
# Verify Service TLS Setup and Configuration `anchor service verify`
─── VerifyHint ─────────────────────────────────────────────────────────────────
                                                                    
# Verify Service TLS Setup and Configuration `anchor service verify`
    | We'll check your running app to ensure TLS works as expected.
─── Client ─────────────────────────────────────────────────────────────────────
                                                                    
# Verify Service TLS Setup and Configuration `anchor service verify`
    | We'll check your running app to ensure TLS works as expected.
    * Checking authentication: probing credentials locally…⠋
─── Client ─────────────────────────────────────────────────────────────────────
                                                                    
# Verify Service TLS Setup and Configuration `anchor service verify`
    | We'll check your running app to ensure TLS works as expected.
    * Checking authentication: testing credentials remotely…⠋
─── Client ─────────────────────────────────────────────────────────────────────
                                                                    
# Verify Service TLS Setup and Configuration `anchor service verify`
    | We'll check your running app to ensure TLS works as expected.
─── Fetcher[github.com/anchordotdev/cli/api.Organization] ──────────────────────
                                                                    
# Verify Service TLS Setup and Configuration `anchor service verify`
    | We'll check your running app to ensure TLS works as expected.
    * Fetching organizations…⠋
─── Fetcher[github.com/anchordotdev/cli/api.Organization] ──────────────────────
                                                                    
# Verify Service TLS Setup and Configuration `anchor service verify`
    | We'll check your running app to ensure TLS works as expected.
    - Using org-slug, the only available organization. You can also use `--org org-slug`.
─── Fetcher[github.com/anchordotdev/cli/api.Service] ───────────────────────────
                                                                    
# Verify Service TLS Setup and Configuration `anchor service verify`
    | We'll check your running app to ensure TLS works as expected.
    - Using org-slug, the only available organization. You can also use `--org org-slug`.
    * Fetching services…⠋
─── Fetcher[github.com/anchordotdev/cli/api.Service] ───────────────────────────
                                                                    
# Verify Service TLS Setup and Configuration `anchor service verify`
    | We'll check your running app to ensure TLS works as expected.
    - Using org-slug, the only available organization. You can also use `--org org-slug`.
    - Using service-name, the only available service. You can also use `--service service-name`.
─── Fetcher[github.com/anchordotdev/cli/api.Realm] ─────────────────────────────
                                                                    
# Verify Service TLS Setup and Configuration `anchor service verify`
    | We'll check your running app to ensure TLS works as expected.
    - Using org-slug, the only available organization. You can also use `--org org-slug`.
    - Using service-name, the only available service. You can also use `--service service-name`.
    * Fetching realms…⠋
─── Fetcher[github.com/anchordotdev/cli/api.Realm] ─────────────────────────────
                                                                    
# Verify Service TLS Setup and Configuration `anchor service verify`
    | We'll check your running app to ensure TLS works as expected.
    - Using org-slug, the only available organization. You can also use `--org org-slug`.
    - Using service-name, the only available service. You can also use `--service service-name`.
    - Using realm-slug, the only available realm. You can also use `--realm realm-slug`.
─── Checker ────────────────────────────────────────────────────────────────────
                                                                    
# Verify Service TLS Setup and Configuration `anchor service verify`
    | We'll check your running app to ensure TLS works as expected.
    - Using org-slug, the only available organization. You can also use `--org org-slug`.
    - Using service-name, the only available service. You can also use `--service service-name`.
    - Using realm-slug, the only available realm. You can also use `--realm realm-slug`.
    * Checking DNS service.lcl.host…⠋
─── Checker ────────────────────────────────────────────────────────────────────
                                                                    
# Verify Service TLS Setup and Configuration `anchor service verify`
    | We'll check your running app to ensure TLS works as expected.
    - Using org-slug, the only available organization. You can also use `--org org-slug`.
    - Using service-name, the only available service. You can also use `--service service-name`.
    - Using realm-slug, the only available realm. You can also use `--realm realm-slug`.
    - Checked DNS service.lcl.host: success!
─── Checker ────────────────────────────────────────────────────────────────────
                                                                    
# Verify Service TLS Setup and Configuration `anchor service verify`
    | We'll check your running app to ensure TLS works as expected.
    - Using org-slug, the only available organization. You can also use `--org org-slug`.
    - Using service-name, the only available service. You can also use `--service service-name`.
    - Using realm-slug, the only available realm. You can also use `--realm realm-slug`.
    - Checked DNS service.lcl.host: success!
    * Checking TCP [<tcp-addresses>]…⠋
─── Checker ────────────────────────────────────────────────────────────────────
                                                                    
# Verify Service TLS Setup and Configuration `anchor service verify`
    | We'll check your running app to ensure TLS works as expected.
    - Using org-slug, the only available organization. You can also use `--org org-slug`.
    - Using service-name, the only available service. You can also use `--service service-name`.
    - Using realm-slug, the only available realm. You can also use `--realm realm-slug`.
    - Checked DNS service.lcl.host: success!
    - Checked TCP [<tcp-addresses>]: success!
─── Checker ────────────────────────────────────────────────────────────────────
                                                                    
# Verify Service TLS Setup and Configuration `anchor service verify`
    | We'll check your running app to ensure TLS works as expected.
    - Using org-slug, the only available organization. You can also use `--org org-slug`.
    - Using service-name, the only available service. You can also use `--service service-name`.
    - Using realm-slug, the only available realm. You can also use `--realm realm-slug`.
    - Checked DNS service.lcl.host: success!
    - Checked TCP [<tcp-addresses>]: success!
    * Checking TLS service.lcl.host…⠋
─── Checker ────────────────────────────────────────────────────────────────────
                                                                    
# Verify Service TLS Setup and Configuration `anchor service verify`
    | We'll check your running app to ensure TLS works as expected.
    - Using org-slug, the only available organization. You can also use `--org org-slug`.
    - Using service-name, the only available service. You can also use `--service service-name`.
    - Using realm-slug, the only available realm. You can also use `--realm realm-slug`.
    - Checked DNS service.lcl.host: success!
    - Checked TCP [<tcp-addresses>]: success!
    ! Checked TLS service.lcl.host: failed!
    ! Error! tls: failed to verify certificate: x509: certificate is valid for example.com, not service.lcl.host
