anchor is a command line interface for the Anchor certificate management platform.

It provides a developer friendly interface for certificate management.

Usage:
  anchor <command> <subcommand> [flags]
  anchor [command]

Available Commands:
  auth        Manage Anchor.dev Authentication
  completion  Generate the autocompletion script for the specified shell
  help        Help about any command
  lcl         Manage lcl.host Local Development Environment
  org         Manage Organizations
  service     Manage services
  trust       Manage CA Certificates in your Local Trust Store(s)
  version     Show Version Info

Flags:
      --api-token string   Anchor API personal access token (PAT).
      --config string      Service configuration file. (default "anchor.toml")
  -h, --help               help for anchor
      --skip-config        Skip loading configuration file.

Use "anchor [command] --help" for more information about a command.
