─── Fetcher[github.com/anchordotdev/cli/api.Organization] ──────────────────────
    * Fetching organizations…⠋
─── Selector[github.com/anchordotdev/cli/api.Organization] ─────────────────────
    ? Which organization do you want for this test?
    > Solo Org Slug (solo-org-slug)
      Create New Organization      
─── Selector[github.com/anchordotdev/cli/api.Organization] ─────────────────────
    ? Which organization do you want for this test?
      Solo Org Slug (solo-org-slug)
    > Create New Organization      
─── Selector[github.com/anchordotdev/cli/api.Organization] ─────────────────────
    - Selected Create New Organization.
