─── Fetcher[github.com/anchordotdev/cli/api.Organization] ──────────────────────
    * Fetching organizations…⠋
─── Selector[github.com/anchordotdev/cli/api.Organization] ─────────────────────
    ? Which organization do you want for this test?
    > anky@anchor.dev (ankydotdev)
      AnkyCo (ankyco)             
─── Selector[github.com/anchordotdev/cli/api.Organization] ─────────────────────
    ? Which organization do you want for this test?
      anky@anchor.dev (ankydotdev)
    > AnkyCo (ankyco)             
─── Selector[github.com/anchordotdev/cli/api.Organization] ─────────────────────
    - Selected ankyco organization. You can also use `--org ankyco`.
