─── Fetcher[github.com/anchordotdev/cli/api.Organization] ──────────────────────
    * Fetching organizations…⠋
─── Selector[github.com/anchordotdev/cli/api.Organization] ─────────────────────
    ? Which organization do you want for this test?
    > First Org Slug (first-org-slug)  
      Second Org Slug (second-org-slug)
─── Selector[github.com/anchordotdev/cli/api.Organization] ─────────────────────
    ? Which organization do you want for this test?
      First Org Slug (first-org-slug)  
    > Second Org Slug (second-org-slug)
─── Selector[github.com/anchordotdev/cli/api.Organization] ─────────────────────
    - Selected second-org-slug organization. You can also use `--org second-org-slug`.
