─── Client ─────────────────────────────────────────────────────────────────────
    * Checking authentication: probing credentials locally…⠋
─── Client ─────────────────────────────────────────────────────────────────────
    * Checking authentication: testing credentials remotely…⠋
─── SetupHeader ────────────────────────────────────────────────────────────────
                                               
# Setup lcl.host Application `anchor lcl setup`
─── SetupHint ──────────────────────────────────────────────────────────────────
                                               
# Setup lcl.host Application `anchor lcl setup`
    | We'll integrate your application and system for HTTPS local development.
─── Fetcher[github.com/anchordotdev/cli/api.Organization] ──────────────────────
                                               
# Setup lcl.host Application `anchor lcl setup`
    | We'll integrate your application and system for HTTPS local development.
    * Fetching organizations…⠋
─── Fetcher[github.com/anchordotdev/cli/api.Organization] ──────────────────────
                                               
# Setup lcl.host Application `anchor lcl setup`
    | We'll integrate your application and system for HTTPS local development.
─── Selector[github.com/anchordotdev/cli/api.Organization] ─────────────────────
                                               
# Setup lcl.host Application `anchor lcl setup`
    | We'll integrate your application and system for HTTPS local development.
    ? Which organization's lcl.host local development environment do you want to setup?
    > Org Slug (org-slug)    
      Create New Organization
─── Selector[github.com/anchordotdev/cli/api.Organization] ─────────────────────
                                               
# Setup lcl.host Application `anchor lcl setup`
    | We'll integrate your application and system for HTTPS local development.
    - Selected org-slug organization. You can also use `--org org-slug`.
─── Fetcher[github.com/anchordotdev/cli/api.Realm] ─────────────────────────────
                                               
# Setup lcl.host Application `anchor lcl setup`
    | We'll integrate your application and system for HTTPS local development.
    - Selected org-slug organization. You can also use `--org org-slug`.
    * Fetching realms…⠋
─── Fetcher[github.com/anchordotdev/cli/api.Realm] ─────────────────────────────
                                               
# Setup lcl.host Application `anchor lcl setup`
    | We'll integrate your application and system for HTTPS local development.
    - Selected org-slug organization. You can also use `--org org-slug`.
    - Using realm-slug, the only available realm. You can also use `--realm realm-slug`.
─── Fetcher[github.com/anchordotdev/cli/api.Service] ───────────────────────────
                                               
# Setup lcl.host Application `anchor lcl setup`
    | We'll integrate your application and system for HTTPS local development.
    - Selected org-slug organization. You can also use `--org org-slug`.
    - Using realm-slug, the only available realm. You can also use `--realm realm-slug`.
    * Fetching services…⠋
─── Fetcher[github.com/anchordotdev/cli/api.Service] ───────────────────────────
                                               
# Setup lcl.host Application `anchor lcl setup`
    | We'll integrate your application and system for HTTPS local development.
    - Selected org-slug organization. You can also use `--org org-slug`.
    - Using realm-slug, the only available realm. You can also use `--realm realm-slug`.
─── Selector[github.com/anchordotdev/cli/api.Service] ──────────────────────────
                                               
# Setup lcl.host Application `anchor lcl setup`
    | We'll integrate your application and system for HTTPS local development.
    - Selected org-slug organization. You can also use `--org org-slug`.
    - Using realm-slug, the only available realm. You can also use `--realm realm-slug`.
    ? Which org-slug/realm-slug service's lcl.host local development environment do you want to setup?
    > service-name (service-name)
      Create New Service         
─── Selector[github.com/anchordotdev/cli/api.Service] ──────────────────────────
                                               
# Setup lcl.host Application `anchor lcl setup`
    | We'll integrate your application and system for HTTPS local development.
    - Selected org-slug organization. You can also use `--org org-slug`.
    - Using realm-slug, the only available realm. You can also use `--realm realm-slug`.
    - Selected service-name service. You can also use `--service service-name`.
─── ServiceEnvHeader ───────────────────────────────────────────────────────────
                                               
# Setup lcl.host Application `anchor lcl setup`
    | We'll integrate your application and system for HTTPS local development.
    - Selected org-slug organization. You can also use `--org org-slug`.
    - Using realm-slug, the only available realm. You can also use `--realm realm-slug`.
    - Selected service-name service. You can also use `--service service-name`.
                                                              
# Fetch Environment Variables for Service `anchor service env`
─── ServiceEnvHint ─────────────────────────────────────────────────────────────
                                               
# Setup lcl.host Application `anchor lcl setup`
    | We'll integrate your application and system for HTTPS local development.
    - Selected org-slug organization. You can also use `--org org-slug`.
    - Using realm-slug, the only available realm. You can also use `--realm realm-slug`.
    - Selected service-name service. You can also use `--service service-name`.
                                                              
# Fetch Environment Variables for Service `anchor service env`
    | We'll set your environment variables to provide configuration and credentials.
─── EnvFetch ───────────────────────────────────────────────────────────────────
                                               
# Setup lcl.host Application `anchor lcl setup`
    | We'll integrate your application and system for HTTPS local development.
    - Selected org-slug organization. You can also use `--org org-slug`.
    - Using realm-slug, the only available realm. You can also use `--realm realm-slug`.
    - Selected service-name service. You can also use `--service service-name`.
                                                              
# Fetch Environment Variables for Service `anchor service env`
    | We'll set your environment variables to provide configuration and credentials.
    * Fetching service-name environment variables…⠋
─── EnvFetch ───────────────────────────────────────────────────────────────────
                                               
# Setup lcl.host Application `anchor lcl setup`
    | We'll integrate your application and system for HTTPS local development.
    - Selected org-slug organization. You can also use `--org org-slug`.
    - Using realm-slug, the only available realm. You can also use `--realm realm-slug`.
    - Selected service-name service. You can also use `--service service-name`.
                                                              
# Fetch Environment Variables for Service `anchor service env`
    | We'll set your environment variables to provide configuration and credentials.
─── EnvMethod ──────────────────────────────────────────────────────────────────
                                               
# Setup lcl.host Application `anchor lcl setup`
    | We'll integrate your application and system for HTTPS local development.
    - Selected org-slug organization. You can also use `--org org-slug`.
    - Using realm-slug, the only available realm. You can also use `--realm realm-slug`.
    - Selected service-name service. You can also use `--service service-name`.
                                                              
# Fetch Environment Variables for Service `anchor service env`
    | We'll set your environment variables to provide configuration and credentials.
    ? How would you like to manage your environment variables?
    > Add export commands to your clipboard.                          
      Add dotenv contents to your clipboard.                          
      Display export commands. ! WARNING: could be observed by others.
─── EnvMethod ──────────────────────────────────────────────────────────────────
                                               
# Setup lcl.host Application `anchor lcl setup`
    | We'll integrate your application and system for HTTPS local development.
    - Selected org-slug organization. You can also use `--org org-slug`.
    - Using realm-slug, the only available realm. You can also use `--realm realm-slug`.
    - Selected service-name service. You can also use `--service service-name`.
                                                              
# Fetch Environment Variables for Service `anchor service env`
    | We'll set your environment variables to provide configuration and credentials.
    - Selected export environment variable method. You can also use `--method export`.
─── EnvClipboard ───────────────────────────────────────────────────────────────
                                               
# Setup lcl.host Application `anchor lcl setup`
    | We'll integrate your application and system for HTTPS local development.
    - Selected org-slug organization. You can also use `--org org-slug`.
    - Using realm-slug, the only available realm. You can also use `--realm realm-slug`.
    - Selected service-name service. You can also use `--service service-name`.
                                                              
# Fetch Environment Variables for Service `anchor service env`
    | We'll set your environment variables to provide configuration and credentials.
    - Selected export environment variable method. You can also use `--method export`.
    - Copied service-name export commands to your clipboard.
    ! Paste and press enter to load your environment variables.
─── EnvNextSteps ───────────────────────────────────────────────────────────────
                                               
# Setup lcl.host Application `anchor lcl setup`
    | We'll integrate your application and system for HTTPS local development.
    - Selected org-slug organization. You can also use `--org org-slug`.
    - Using realm-slug, the only available realm. You can also use `--realm realm-slug`.
    - Selected service-name service. You can also use `--service service-name`.
                                                              
# Fetch Environment Variables for Service `anchor service env`
    | We'll set your environment variables to provide configuration and credentials.
    - Selected export environment variable method. You can also use `--method export`.
    - Copied service-name export commands to your clipboard.
    ! Paste and press enter to load your environment variables.
            
# Next Steps
    ! (Re)Start your server.
    ! Verify TLS setup and configuration: run `anchor service verify --org org-slug --realm realm-slug --service service-name`.
    | These certificates will renew automatically, time to enjoy effortless encryption.
