    * Comparing local and expected CA certificates…*
────────────────────────────────────────────────────────────────────────────────
    - Compared local and expected CA certificates: need to install 2 missing certificates.
    ! Installing 2 missing certificates. (requires sudo)
────────────────────────────────────────────────────────────────────────────────
    - Compared local and expected CA certificates: need to install 2 missing certificates.
    ! Installing 2 missing certificates. (requires sudo)
    * Updating Mock: installing oas-examples - AnchorCA ECDSA.
────────────────────────────────────────────────────────────────────────────────
    - Compared local and expected CA certificates: need to install 2 missing certificates.
    ! Installing 2 missing certificates. (requires sudo)
    - Updated Mock: installed oas-examples - AnchorCA [ECDSA]
────────────────────────────────────────────────────────────────────────────────
    - Compared local and expected CA certificates: need to install 2 missing certificates.
    ! Installing 2 missing certificates. (requires sudo)
    - Updated Mock: installed oas-examples - AnchorCA [ECDSA]
    * Updating Mock: installing oas-examples - AnchorCA RSA.
────────────────────────────────────────────────────────────────────────────────
    - Compared local and expected CA certificates: need to install 2 missing certificates.
    ! Installing 2 missing certificates. (requires sudo)
    - Updated Mock: installed oas-examples - AnchorCA [ECDSA, RSA]
────────────────────────────────────────────────────────────────────────────────
