─── Client ─────────────────────────────────────────────────────────────────────
    * Checking authentication: probing credentials locally…⠋
─── Client ─────────────────────────────────────────────────────────────────────
    * Checking authentication: testing credentials remotely…⠋
─── TrustHeader ────────────────────────────────────────────────────────────────
                                                                    
# Manage CA Certificates in your Local Trust Store(s) `anchor trust`
─── TrustHint ──────────────────────────────────────────────────────────────────
                                                                    
# Manage CA Certificates in your Local Trust Store(s) `anchor trust`
    | We'll check your local trust stores and make any needed updates.
─── VMHint ─────────────────────────────────────────────────────────────────────
                                                                    
# Manage CA Certificates in your Local Trust Store(s) `anchor trust`
    | We'll check your local trust stores and make any needed updates.
    ! Warning: Running trust inside a VM or container will not update the host system.
    | Rerun this command on your host system to update it's trust stores and enable
    | secure communication, learn more here: https://cl.host/vm-container-setup
─── Fetcher[github.com/anchordotdev/cli/api.Organization] ──────────────────────
                                                                    
# Manage CA Certificates in your Local Trust Store(s) `anchor trust`
    | We'll check your local trust stores and make any needed updates.
    ! Warning: Running trust inside a VM or container will not update the host system.
    | Rerun this command on your host system to update it's trust stores and enable
    | secure communication, learn more here: https://cl.host/vm-container-setup
    * Fetching organizations…⠋
─── Fetcher[github.com/anchordotdev/cli/api.Organization] ──────────────────────
                                                                    
# Manage CA Certificates in your Local Trust Store(s) `anchor trust`
    | We'll check your local trust stores and make any needed updates.
    ! Warning: Running trust inside a VM or container will not update the host system.
    | Rerun this command on your host system to update it's trust stores and enable
    | secure communication, learn more here: https://cl.host/vm-container-setup
    - Using org-slug, the only available organization. You can also use `--org org-slug`.
─── Fetcher[github.com/anchordotdev/cli/api.Realm] ─────────────────────────────
                                                                    
# Manage CA Certificates in your Local Trust Store(s) `anchor trust`
    | We'll check your local trust stores and make any needed updates.
    ! Warning: Running trust inside a VM or container will not update the host system.
    | Rerun this command on your host system to update it's trust stores and enable
    | secure communication, learn more here: https://cl.host/vm-container-setup
    - Using org-slug, the only available organization. You can also use `--org org-slug`.
    * Fetching realms…⠋
─── Fetcher[github.com/anchordotdev/cli/api.Realm] ─────────────────────────────
                                                                    
# Manage CA Certificates in your Local Trust Store(s) `anchor trust`
    | We'll check your local trust stores and make any needed updates.
    ! Warning: Running trust inside a VM or container will not update the host system.
    | Rerun this command on your host system to update it's trust stores and enable
    | secure communication, learn more here: https://cl.host/vm-container-setup
    - Using org-slug, the only available organization. You can also use `--org org-slug`.
    - Using realm-slug, the only available realm. You can also use `--realm realm-slug`.
─── TrustStoreAudit ────────────────────────────────────────────────────────────
                                                                    
# Manage CA Certificates in your Local Trust Store(s) `anchor trust`
    | We'll check your local trust stores and make any needed updates.
    ! Warning: Running trust inside a VM or container will not update the host system.
    | Rerun this command on your host system to update it's trust stores and enable
    | secure communication, learn more here: https://cl.host/vm-container-setup
    - Using org-slug, the only available organization. You can also use `--org org-slug`.
    - Using realm-slug, the only available realm. You can also use `--realm realm-slug`.
    * Comparing local and expected CA certificates…⠋
─── TrustStoreAudit ────────────────────────────────────────────────────────────
                                                                    
# Manage CA Certificates in your Local Trust Store(s) `anchor trust`
    | We'll check your local trust stores and make any needed updates.
    ! Warning: Running trust inside a VM or container will not update the host system.
    | Rerun this command on your host system to update it's trust stores and enable
    | secure communication, learn more here: https://cl.host/vm-container-setup
    - Using org-slug, the only available organization. You can also use `--org org-slug`.
    - Using realm-slug, the only available realm. You can also use `--realm realm-slug`.
    - Compared local and expected CA certificates: need to install 2 missing certificates.
─── TrustUpdateConfirm ─────────────────────────────────────────────────────────
                                                                    
# Manage CA Certificates in your Local Trust Store(s) `anchor trust`
    | We'll check your local trust stores and make any needed updates.
    ! Warning: Running trust inside a VM or container will not update the host system.
    | Rerun this command on your host system to update it's trust stores and enable
    | secure communication, learn more here: https://cl.host/vm-container-setup
    - Using org-slug, the only available organization. You can also use `--org org-slug`.
    - Using realm-slug, the only available realm. You can also use `--realm realm-slug`.
    - Compared local and expected CA certificates: need to install 2 missing certificates.
    | Updates may require sudo privileges, learn why here: https://lcl.host/why-sudo
    ! Press Enter to install missing certificates. (requires sudo)
─── TrustUpdateConfirm ─────────────────────────────────────────────────────────
                                                                    
# Manage CA Certificates in your Local Trust Store(s) `anchor trust`
    | We'll check your local trust stores and make any needed updates.
    ! Warning: Running trust inside a VM or container will not update the host system.
    | Rerun this command on your host system to update it's trust stores and enable
    | secure communication, learn more here: https://cl.host/vm-container-setup
    - Using org-slug, the only available organization. You can also use `--org org-slug`.
    - Using realm-slug, the only available realm. You can also use `--realm realm-slug`.
    - Compared local and expected CA certificates: need to install 2 missing certificates.
─── TrustUpdateStore ───────────────────────────────────────────────────────────
                                                                    
# Manage CA Certificates in your Local Trust Store(s) `anchor trust`
    | We'll check your local trust stores and make any needed updates.
    ! Warning: Running trust inside a VM or container will not update the host system.
    | Rerun this command on your host system to update it's trust stores and enable
    | secure communication, learn more here: https://cl.host/vm-container-setup
    - Using org-slug, the only available organization. You can also use `--org org-slug`.
    - Using realm-slug, the only available realm. You can also use `--realm realm-slug`.
    - Compared local and expected CA certificates: need to install 2 missing certificates.
    * Updating Mock: installing oas-examples - AnchorCA ECDSA… ⠋
─── TrustUpdateStore ───────────────────────────────────────────────────────────
                                                                    
# Manage CA Certificates in your Local Trust Store(s) `anchor trust`
    | We'll check your local trust stores and make any needed updates.
    ! Warning: Running trust inside a VM or container will not update the host system.
    | Rerun this command on your host system to update it's trust stores and enable
    | secure communication, learn more here: https://cl.host/vm-container-setup
    - Using org-slug, the only available organization. You can also use `--org org-slug`.
    - Using realm-slug, the only available realm. You can also use `--realm realm-slug`.
    - Compared local and expected CA certificates: need to install 2 missing certificates.
    - Updated Mock: installed oas-examples - AnchorCA [ECDSA]
─── TrustUpdateStore ───────────────────────────────────────────────────────────
                                                                    
# Manage CA Certificates in your Local Trust Store(s) `anchor trust`
    | We'll check your local trust stores and make any needed updates.
    ! Warning: Running trust inside a VM or container will not update the host system.
    | Rerun this command on your host system to update it's trust stores and enable
    | secure communication, learn more here: https://cl.host/vm-container-setup
    - Using org-slug, the only available organization. You can also use `--org org-slug`.
    - Using realm-slug, the only available realm. You can also use `--realm realm-slug`.
    - Compared local and expected CA certificates: need to install 2 missing certificates.
    - Updated Mock: installed oas-examples - AnchorCA [ECDSA]
    * Updating Mock: installing oas-examples - AnchorCA RSA… ⠋
─── TrustUpdateStore ───────────────────────────────────────────────────────────
                                                                    
# Manage CA Certificates in your Local Trust Store(s) `anchor trust`
    | We'll check your local trust stores and make any needed updates.
    ! Warning: Running trust inside a VM or container will not update the host system.
    | Rerun this command on your host system to update it's trust stores and enable
    | secure communication, learn more here: https://cl.host/vm-container-setup
    - Using org-slug, the only available organization. You can also use `--org org-slug`.
    - Using realm-slug, the only available realm. You can also use `--realm realm-slug`.
    - Compared local and expected CA certificates: need to install 2 missing certificates.
    - Updated Mock: installed oas-examples - AnchorCA [ECDSA, RSA]
